// Jest Snapshot v1, https://goo.gl/fbAQLP

exports[`Loading Container should match snapshot 1`] = `
<ign-loading-container
  delay={[Function Number]}
  delayTimeout={[Function Number]}
  loading={[Function Boolean]}
  pastDelay="false"
  spinnerAriaLabel={[Function String]}
  translatePipe={[Function TranslationPipe]}
>
  <div
    hidden=""
  >
    
      
    
    
  </div>
    <div
    aria-label="Loading"
    role="alert"
    tabindex="0"
  >
    
      
    
    
  
  </div>
</ign-loading-container>
`;
