// Jest Snapshot v1, https://goo.gl/fbAQLP

exports[`Text List Item should match snapshot 1`] = `
<ign-text-list-item>
  <mat-list-item>
    
      
    <h3
      class="primary-text"
      matline=""
    >
      
    </h3>
    
      
    
    
      
    
    
  
  </mat-list-item>
</ign-text-list-item>
`;
