// Jest Snapshot v1, https://goo.gl/fbAQLP

exports[`List Selection Add Button should match snapshot 1`] = `
<ign-list-selection-add-button>
  <a
    mat-fab=""
  >
    
    
    <mat-icon
      aria-hidden="true"
      class="mat-icon"
      role="img"
    >
      
      add
    
    </mat-icon>
    
  
  </a>
  
</ign-list-selection-add-button>
`;
