// Jest Snapshot v1, https://goo.gl/fbAQLP

exports[`List Content should match snapshot 1`] = `
<ign-list-content>
  <a
    class="skip-main"
    href="javascript:void(0)"
    id="skip-list"
    target="_self"
  >
    
  </a><div
    id="list-content-skip"
    role="main"
    tabindex="-1"
  />
</ign-list-content>
`;
