// Jest Snapshot v1, https://goo.gl/fbAQLP

exports[`Expandable Search Should match snapshot 1`] = `
<ign-expandable-search
  searchCriteria$={[Function BehaviorSubject]}
  searchExpanded="false"
  searchInput={[Function ElementRef]}
>
  <button
    aria-label="Search"
    da="searchButton"
    mat-icon-button=""
  >
    
    
    <mat-icon>
      
      search
    
    </mat-icon>
    
  
  </button>
  
  
  
  <mat-form-field
    class="expanded-search-inactive"
    floatlabel="never"
    ng-reflect-ng-class="[object Object]"
  >
    
    
    <input
      matinput=""
      placeholder="Search"
      value=""
    />
    
    
    
    
  
  </mat-form-field>
  
</ign-expandable-search>
`;
