// Jest Snapshot v1, https://goo.gl/fbAQLP

exports[`Side Nav List Item should match snapshot 1`] = `
<ign-sidenav-list-item
  description={[Function String]}
  icon={[Function String]}
  onClick={[Function EventEmitter]}
  role={[Function String]}
>
  <a
    class="app-link"
  >
    
    
    <i
      aria-hidden="true"
      class="material-icons app-link-icon"
    >
      mail
    </i>
    
    
    <div
      class="app-link-text"
    >
      test description
    </div>
    
  
  </a>
</ign-sidenav-list-item>
`;
