// Jest Snapshot v1, https://goo.gl/fbAQLP

exports[`Expandable Fab Item should match snapshot 1`] = `
<ign-expandable-fab-item
  clicked={[Function EventEmitter]}
  href={[Function String]}
  icon={[Function String]}
  tooltipText={[Function String]}
>
  <span
    class="mat-tooltip fab-tooltip"
  >
    toolTip
  </span>
  <a
    aria-disabled="false"
    class="mat-fab mat-accent"
    href="updatedHref"
    igna11yclick=""
    mat-fab=""
    role="menuitem"
    tabindex="0"
  >
    <span
      class="mat-button-wrapper"
    >
      
    
      <mat-icon
        aria-hidden="true"
        class="mat-icon material-icons"
        role="img"
      >
        
      email
    
      </mat-icon>
      
  
    </span>
    <div
      class="mat-button-ripple mat-ripple mat-button-ripple-round"
      matripple=""
      ng-reflect-centered="false"
      ng-reflect-disabled="false"
      ng-reflect-trigger=""
    />
    <div
      class="mat-button-focus-overlay"
    />
  </a>
  
  
  
  
</ign-expandable-fab-item>
`;
