// Jest Snapshot v1, https://goo.gl/fbAQLP

exports[`Expandable Fab Item should match snapshot 1`] = `
<ign-expandable-fab-item
  clicked={[Function EventEmitter]}
  href={[Function String]}
  icon={[Function String]}
  tooltipText={[Function String]}
>
  <span
    class="mat-tooltip fab-tooltip"
  >
    toolTip
  </span>
  <a
    href="updatedHref"
    igna11yclick=""
    mat-fab=""
    role="menuitem"
  >
    
    
    <mat-icon
      aria-hidden="true"
      class="mat-icon material-icons"
      role="img"
    >
      
      email
    
    </mat-icon>
    
  
  </a>
</ign-expandable-fab-item>
`;
