// Jest Snapshot v1, https://goo.gl/fbAQLP

exports[`Persistent Search Component Should match snapshot 1`] = `
<ign-persistent-search
  _cdr={[Function ViewRef_]}
  placeholder={[Function String]}
  searchCriteria$={[Function BehaviorSubject]}
  searchInput={[Function ElementRef]}
>
  <mat-icon
    class="search-icon"
  >
    search
  </mat-icon><mat-form-field
    floatplaceholder="never"
  >
    <input
      da="searchBarInput"
      matinput=""
      placeholder="Search"
    />
    
  </mat-form-field>
</ign-persistent-search>
`;
