// Jest Snapshot v1, https://goo.gl/fbAQLP

exports[`Right Drawer should match snapshot 1`] = `
<ign-right-drawer
  open="false"
  openChange={[Function EventEmitter]}
  startOpen="false"
  title={[Function String]}
>
  <div
    class="title-container"
  >
    
    
    <h2
      class="title"
    >
      
      test
    
    </h2>
    
    
    <mat-icon
      aria-hidden="true"
      aria-label="Close"
      class="close-icon mat-icon material-icons"
      role="img"
    >
      
      close
    
    </mat-icon>
    
  
  </div>
  
  
</ign-right-drawer>
`;
