// Jest Snapshot v1, https://goo.gl/fbAQLP

exports[`Right Drawer should match snapshot 1`] = `
<ign-right-drawer
  open="false"
  openChange={[Function EventEmitter]}
  startOpen="false"
  title={[Function String]}
>
  <div
    id="backdrop"
  />
  <mat-drawer
    ng-reflect-ng-style="[object Object]"
    style="width: 0px;"
  >
    
    
    
    <div
      class="title-container"
    >
      
      
      <h2
        class="title"
      >
        
        test
      
      </h2>
      
      
      <button
        aria-hidden="true"
        aria-label="Close"
        mat-icon-button=""
      >
        
        
        <mat-icon
          class="close-icon"
        >
          
          close
        
        </mat-icon>
        
      
      </button>
      
    
    </div>
    
    
    
  
  </mat-drawer>
</ign-right-drawer>
`;
