// Jest Snapshot v1, https://goo.gl/fbAQLP

exports[`HubCardComponent should match snapshot 1`] = `
<ign-hub-card
  active={[Function Boolean]}
  color={[Function String]}
  colors={[Function Object]}
  complete={[Function Boolean]}
  icon={[Function String]}
  icons={[Function Object]}
  onClick={[Function EventEmitter]}
  primaryActionText={[Function String]}
  subtitle={[Function String]}
  title={[Function String]}
>
  <div
    class="card-container mat-ripple"
    da="button"
    matripple=""
    role="button"
    tabindex="0"
    ng-reflect-centered="false"
    ng-reflect-radius="380"
    ng-reflect-speed-factor="0.5"
    ng-reflect-unbounded="false"
  >
    <div
      class="card-opacity-cover"
    />
    <div
      class="card-contents"
    >
      <div
        class="circle-icon-container"
      >
        <mat-icon
          class="icon material-icons mat-icon"
          role="img"
          aria-hidden="true"
        >
          
        </mat-icon>
      </div>
      <div
        class="primary-text"
      >
        titleTest
      </div>
      <div
        class="secondary-text"
      >
        subTitleTest
      </div>
      <div
        class="action-text"
      >
        primartActionTest
      </div>
    </div>
  </div>
</ign-hub-card>
`;
