// Jest Snapshot v1, https://goo.gl/fbAQLP

exports[`AvatarComponent should match snapshot 1`] = `
<ign-avatar>
  <div
    aria-label=""
    class="container l container--icon"
    id="avatar"
    ng-reflect-message=""
    tabindex="-1"
  >
    
        
    
    
        
    
    
        
    
    <mat-icon
      aria-hidden="true"
      class="icon"
    >
      person
    </mat-icon>
    
  
  </div>
</ign-avatar>
`;
