// Jest Snapshot v1, https://goo.gl/fbAQLP

exports[`Date Range should match snapshot 1`] = `
<ign-date-range
  close$={[Function Subject]}
  endDateControlName={[Function String]}
  endPickerInput={[Function MatDatepickerInput]}
  startDateControlName={[Function String]}
  startPickerInput={[Function MatDatepickerInput]}
>
  <form>
    
    
    <mat-form-field
      role="group"
    >
      
      
      <input
        matinput=""
      />
      
  
      
      <mat-datepicker-toggle
        class="mat-datepicker-toggle"
        matsuffix=""
      >
        <button
          class="mat-icon-button"
          mat-icon-button=""
          type="button"
        >
          <span
            class="mat-button-wrapper"
          >
            
          </span>
          <div
            class="mat-button-ripple mat-ripple"
            matripple=""
          />
          <div
            class="mat-button-focus-overlay"
          />
        </button>
      </mat-datepicker-toggle>
      
      
      <mat-datepicker />
      
    
    </mat-form-field>
    
    
    <mat-form-field
      role="group"
    >
      
      
      <input
        matinput=""
      />
      
      
      <mat-datepicker-toggle
        class="mat-datepicker-toggle"
        matsuffix=""
      >
        <button
          class="mat-icon-button"
          mat-icon-button=""
          type="button"
        >
          <span
            class="mat-button-wrapper"
          >
            
          </span>
          <div
            class="mat-button-ripple mat-ripple"
            matripple=""
          />
          <div
            class="mat-button-focus-overlay"
          />
        </button>
      </mat-datepicker-toggle>
      
      
      <mat-datepicker />
      
    
    </mat-form-field>
    
  
  </form>
</ign-date-range>
`;
