// Jest Snapshot v1, https://goo.gl/fbAQLP

exports[`Messages should match snapshot 1`] = `
<ign-messages
  destroyed$={[Function Subject]}
  errors$={[Function BehaviorSubject]}
  handleFetchErrors={[Function Function]}
  hasErrors$={[Function AnonymousSubject]}
  log={[Function Logger]}
  routeArgs$={[Function Observable]}
>
  
</ign-messages>
`;
